Triton cache error: compiled module hip_utils.so could not be loaded
torch 2.10.0
arch gfx936:sramecc+:xnack-
Traceback (most recent call last):
  File "/public/home/tangyu408/testdata/goal_runs/20260712_attn_gdn_tensor_unit_probe/probe_attention.py", line 158, in <module>
    main()
  File "/public/home/tangyu408/testdata/goal_runs/20260712_attn_gdn_tensor_unit_probe/probe_attention.py", line 154, in main
    launch_decode(torch)
  File "/public/home/tangyu408/testdata/goal_runs/20260712_attn_gdn_tensor_unit_probe/probe_attention.py", line 118, in launch_decode
    unified_attention(
  File "/usr/local/lib/python3.10/dist-packages/aiter/ops/triton/unified_attention.py", line 722, in unified_attention
    kernel_unified_attention_3d[(
  File "/usr/local/lib/python3.10/dist-packages/triton/runtime/jit.py", line 419, in <lambda>
    return lambda *args, **kwargs: self.run(grid=grid, warmup=False, *args, **kwargs)
  File "/usr/local/lib/python3.10/dist-packages/triton/runtime/jit.py", line 713, in run
    device = driver.active.get_current_device()
  File "/usr/local/lib/python3.10/dist-packages/triton/runtime/driver.py", line 28, in active
    self._active = self.default
  File "/usr/local/lib/python3.10/dist-packages/triton/runtime/driver.py", line 22, in default
    self._default = _create_driver()
  File "/usr/local/lib/python3.10/dist-packages/triton/runtime/driver.py", line 10, in _create_driver
    return active_drivers[0]()
  File "/usr/local/lib/python3.10/dist-packages/triton/backends/amd/driver.py", line 682, in __init__
    self.utils = HIPUtils()
  File "/usr/local/lib/python3.10/dist-packages/triton/backends/amd/driver.py", line 175, in __init__
    mod = compile_module_from_src(src=src, name="hip_utils", include_dirs=include_dirs)
  File "/usr/local/lib/python3.10/dist-packages/triton/runtime/build.py", line 93, in compile_module_from_src
    return _load_module_from_path(name, cache_path)
  File "/usr/local/lib/python3.10/dist-packages/triton/runtime/build.py", line 65, in _load_module_from_path
    mod = importlib.util.module_from_spec(spec)
  File "<frozen importlib._bootstrap>", line 571, in module_from_spec
  File "<frozen importlib._bootstrap_external>", line 1176, in create_module
  File "<frozen importlib._bootstrap>", line 241, in _call_with_frames_removed
RuntimeError: cannot get address for 'hipGetDeviceProperties' from libamdhip64.so
